---
---
Hello 42 Gyeongsan So Hot Place.
---
Hello 42 Gyeongsan So Hot Place.
---
Hello
42
Gyeongsan
So
Hot
Place
---
Hello 
2 Gyeongsan So Hot Place.
---
H
llo 42 Gy
ongsan So Hot Plac
.
---
---
bbb
bbb
---
---
---
cccc
---
hhh
hhh
h h$$#%^#^hh
