1000010010010
---
ecec
---
-1000010010010
---
-ecec
---
a
---
baaaabaabaaba
---
baacbac
---
baccc
---
bajc
---
-A4CDCC3BC2
---
6HHHHHHHHGF
---